Output:
Hi
==================================================

Final Register State:
  R0: 1 (0x00000001)
  R1: 0 (0x00000000)
  R2: 0 (0x00000000)
  R3: 0 (0x00000000)

Vector Registers:
  V0: [0, 0, 0, 0]
  V1: [0, 0, 0, 0]
  V2: [0, 0, 0, 0]
  V3: [0, 0, 0, 0]

Flags: Z=False, N=False, C=False, V=False
