Output:
30

==================================================

Final Register State:
  R0: 10 (0x0000000A)
  R1: 1 (0x00000001)
  R2: 48 (0x00000030)
  R3: 0 (0x00000000)

Vector Registers:
  V0: [0, 0, 0, 0]
  V1: [0, 0, 0, 0]
  V2: [0, 0, 0, 0]
  V3: [0, 0, 0, 0]

Flags: Z=False, N=False, C=False, V=False
