Output:
Vector ADD result: 6
 8
 10
 12

Vector MUL result: 5
 12
 21
 32


==================================================

Final Register State:
  R0: 10 (0x0000000A)
  R1: 1 (0x00000001)
  R2: 50 (0x00000032)
  R3: 0 (0x00000000)

Vector Registers:
  V0: [0, 0, 0, 0]
  V1: [0, 0, 0, 0]
  V2: [0, 0, 0, 0]
  V3: [0, 0, 0, 0]

Flags: Z=False, N=False, C=False, V=False
