Output:

==================================================

Final Register State:
  R0: 295704 (0x00048318)
  R1: 296 (0x00000128)
  R2: 0 (0x00000000)
  R3: 0 (0x00000000)

Vector Registers:
  V0: [0, 0, 0, 0]
  V1: [0, 0, 0, 0]
  V2: [0, 0, 0, 0]
  V3: [0, 0, 0, 0]

Flags: Z=False, N=False, C=False, V=False
